
Running 3 tests using 3 workers

[1/3] [chromium] ΓÇ║ QA Task\example.spec.js:11:5 ΓÇ║ get started link
[2/3] [chromium] ΓÇ║ QA Task\example.spec.js:4:5 ΓÇ║ has title
[3/3] [chromium] ΓÇ║ QA Task\Signup_Automation.spec.js:53:5 ΓÇ║ Full Signup Automation
[chromium] ΓÇ║ QA Task\Signup_Automation.spec.js:53:5 ΓÇ║ Full Signup Automation
Signup automation started

Email: qaauto1782282187342@gmail.com

Phone: 9739482669

STEP 0 ┬╖ Accepting terms...

Filling personal details...

Verifying email OTP...

Waiting for OTP email to: qaauto1782282187342@mailinator.com

Allowing 6 seconds for email delivery...

Attempt 1: Found 0 message(s)

Attempt 2: Found 0 message(s)

Attempt 3: Found 0 message(s)

Attempt 4: Found 0 message(s)

Attempt 5: Found 0 message(s)

Attempt 6: Found 0 message(s)

Attempt 7: Found 0 message(s)

Attempt 8: Found 0 message(s)

  1) [chromium] ΓÇ║ QA Task\Signup_Automation.spec.js:53:5 ΓÇ║ Full Signup Automation ΓöÇΓöÇΓöÇΓöÇΓöÇΓöÇΓöÇΓöÇΓöÇΓöÇΓöÇΓöÇΓöÇΓöÇΓöÇΓöÇΓöÇΓöÇ

    Error: OTP not received after 14 seconds

      46 |     if (i < 7) await page.waitForTimeout(1000);
      47 |   }
    > 48 |   throw new Error('OTP not received after 14 seconds');
         |         ^
      49 | }
      50 |
      51 |
        at fetchOTP (C:\Users\97797\OneDrive\Desktop\Automation\QA Task\Signup_Automation.spec.js:48:9)
        at C:\Users\97797\OneDrive\Desktop\Automation\QA Task\Signup_Automation.spec.js:89:15

    Error Context: test-results\Signup_Automation-Full-Signup-Automation-chromium\error-context.md


  1 failed
    [chromium] ΓÇ║ QA Task\Signup_Automation.spec.js:53:5 ΓÇ║ Full Signup Automation ΓöÇΓöÇΓöÇΓöÇΓöÇΓöÇΓöÇΓöÇΓöÇΓöÇΓöÇΓöÇΓöÇΓöÇΓöÇΓöÇΓöÇΓöÇΓöÇ
  2 passed (23.0s)

[36m  Serving HTML report at http://localhost:37975. Press Ctrl+C to quit.[39m
